// Jest Snapshot v1, https://goo.gl/fbAQLP

exports[`getPCA 1`] = `
Matrix [
  Array [
    -0.8417163919188921,
    0.20374865784844376,
  ],
  Array [
    -0.4726682074693537,
    -0.7256616054661487,
  ],
  Array [
    -0.8417163919188921,
    0.20374865784844376,
  ],
  Array [
    0.8417163919188921,
    -0.20374865784844376,
  ],
  Array [
    0.4726682074693537,
    0.7256616054661487,
  ],
  Array [
    0.8417163919188921,
    -0.20374865784844376,
  ],
]
`;
